// Jest Snapshot v1, https://goo.gl/fbAQLP

exports[`components/preparing-workspace/invite_members_link should match snapshot 1`] = `
<div>
  <div
    class="InviteMembersLink"
  >
    <input
      aria-label="team invite link"
      class="InviteMembersLink__input"
      data-testid="shareLinkInput"
      readonly=""
      type="text"
      value="https://invite-url.mattermost.com"
    />
    <button
      class="InviteMembersLink__button"
      data-testid="shareLinkInputButton"
    >
      <i
        class="icon icon-link-variant"
      />
      <span>
        Copy Link
      </span>
    </button>
  </div>
</div>
`;
