// Jest Snapshot v1, https://goo.gl/fbAQLP

exports[`InviteMembers component should match snapshot 1`] = `
<div>
  <div
    class="InviteMembers-body test-class"
  >
    <div
      class="SingleColumnLayout"
      style="width: 547px;"
    >
      <div>
        <div
          class="PageLine PageLine--no-left"
          style="margin-bottom: 50px; margin-left: 50px; height: calc(25vh);"
        />
        <div>
          Previous step
        </div>
        <h1
          class="PreparingWorkspaceTitle"
        >
          <span>
            Invite your team members
          </span>
        </h1>
        <p
          class="PreparingWorkspaceDescription"
        >
          <span>
            Collaboration is tough by yourself. Invite a few team members using the invitation link below.
          </span>
        </p>
        <div
          class="PreparingWorkspacePageBody"
        >
          <div
            class="InviteMembersLink"
          >
            <input
              aria-label="team invite link"
              class="InviteMembersLink__input"
              data-testid="shareLinkInput"
              readonly=""
              type="text"
              value="https://my-org.mattermost.com/config/signup_user_complete/?id=1234"
            />
            <button
              class="InviteMembersLink__button"
              data-testid="shareLinkInputButton"
            >
              <i
                class="icon icon-link-variant"
              />
              <span>
                Copy Link
              </span>
            </button>
          </div>
        </div>
        <div
          class="InviteMembers__submit"
        >
          <button
            class="primary-button"
          >
            <span>
              Finish setup
            </span>
          </button>
        </div>
        <div
          class="PageLine PageLine--no-left"
          style="margin-top: 50px; margin-left: 50px; height: calc(30vh);"
        />
      </div>
    </div>
  </div>
</div>
`;
