// Jest Snapshot v1, https://goo.gl/fbAQLP

exports[`components/preparing-workspace/organization_status should match snapshot 1`] = `
<div
  className="Organization__status"
/>
`;
